Spark Command: /usr/lib/jvm/java-11-openjdk-amd64/bin/java -cp /home/digitalevers/下载/Lionu/envsoft/spark-3.5.4-bin-hadoop3/conf/:/home/digitalevers/下载/Lionu/envsoft/spark-3.5.4-bin-hadoop3/jars/* -Xmx1g org.apache.spark.deploy.master.Master --host digitalevers-VirtualBox --port 7077 --webui-port 8080
========================================
Using Spark's default log4j profile: org/apache/spark/log4j2-defaults.properties
25/02/18 18:53:53 INFO Master: Started daemon with process name: 17328@digitalevers-VirtualBox
25/02/18 18:53:53 INFO SignalUtils: Registering signal handler for TERM
25/02/18 18:53:53 INFO SignalUtils: Registering signal handler for HUP
25/02/18 18:53:53 INFO SignalUtils: Registering signal handler for INT
25/02/18 18:53:53 WARN NativeCodeLoader: Unable to load native-hadoop library for your platform... using builtin-java classes where applicable
25/02/18 18:53:53 INFO SecurityManager: Changing view acls to: digitalevers
25/02/18 18:53:53 INFO SecurityManager: Changing modify acls to: digitalevers
25/02/18 18:53:53 INFO SecurityManager: Changing view acls groups to: 
25/02/18 18:53:53 INFO SecurityManager: Changing modify acls groups to: 
25/02/18 18:53:53 INFO SecurityManager: SecurityManager: authentication disabled; ui acls disabled; users with view permissions: digitalevers; groups with view permissions: EMPTY; users with modify permissions: digitalevers; groups with modify permissions: EMPTY
25/02/18 18:53:53 INFO Utils: Successfully started service 'sparkMaster' on port 7077.
25/02/18 18:53:53 INFO Master: Starting Spark master at spark://digitalevers-VirtualBox:7077
25/02/18 18:53:53 INFO Master: Running Spark version 3.5.4
25/02/18 18:53:53 INFO JettyUtils: Start Jetty 0.0.0.0:8080 for MasterUI
25/02/18 18:53:54 INFO Utils: Successfully started service 'MasterUI' on port 8080.
25/02/18 18:53:54 INFO MasterWebUI: Bound MasterWebUI to 0.0.0.0, and started at http://192.168.2.108:8080
25/02/18 18:53:54 INFO Master: I have been elected leader! New state: ALIVE
25/02/18 18:54:20 INFO Master: Registering worker 192.168.2.108:37135 with 4 cores, 6.8 GiB RAM
25/02/18 18:56:15 ERROR Master: RECEIVED SIGNAL TERM
