Spark Command: /usr/lib/jvm/java-11-openjdk-amd64/bin/java -cp /home/digitalevers/下载/Lionu/envsoft/spark-3.5.4-bin-hadoop3/conf/:/home/digitalevers/下载/Lionu/envsoft/spark-3.5.4-bin-hadoop3/jars/* -Xmx1g org.apache.spark.deploy.worker.Worker --webui-port 8081 spark://digitalevers-VirtualBox:7077
========================================
Using Spark's default log4j profile: org/apache/spark/log4j2-defaults.properties
25/02/18 18:54:19 INFO Worker: Started daemon with process name: 17490@digitalevers-VirtualBox
25/02/18 18:54:19 INFO SignalUtils: Registering signal handler for TERM
25/02/18 18:54:19 INFO SignalUtils: Registering signal handler for HUP
25/02/18 18:54:19 INFO SignalUtils: Registering signal handler for INT
25/02/18 18:54:19 WARN NativeCodeLoader: Unable to load native-hadoop library for your platform... using builtin-java classes where applicable
25/02/18 18:54:19 INFO SecurityManager: Changing view acls to: digitalevers
25/02/18 18:54:19 INFO SecurityManager: Changing modify acls to: digitalevers
25/02/18 18:54:19 INFO SecurityManager: Changing view acls groups to: 
25/02/18 18:54:19 INFO SecurityManager: Changing modify acls groups to: 
25/02/18 18:54:19 INFO SecurityManager: SecurityManager: authentication disabled; ui acls disabled; users with view permissions: digitalevers; groups with view permissions: EMPTY; users with modify permissions: digitalevers; groups with modify permissions: EMPTY
25/02/18 18:54:19 INFO Utils: Successfully started service 'sparkWorker' on port 37135.
25/02/18 18:54:19 INFO Worker: Worker decommissioning not enabled.
25/02/18 18:54:20 INFO Worker: Starting Spark worker 192.168.2.108:37135 with 4 cores, 6.8 GiB RAM
25/02/18 18:54:20 INFO Worker: Running Spark version 3.5.4
25/02/18 18:54:20 INFO Worker: Spark home: /home/digitalevers/下载/Lionu/envsoft/spark-3.5.4-bin-hadoop3
25/02/18 18:54:20 INFO ResourceUtils: ==============================================================
25/02/18 18:54:20 INFO ResourceUtils: No custom resources configured for spark.worker.
25/02/18 18:54:20 INFO ResourceUtils: ==============================================================
25/02/18 18:54:20 INFO JettyUtils: Start Jetty 0.0.0.0:8081 for WorkerUI
25/02/18 18:54:20 INFO Utils: Successfully started service 'WorkerUI' on port 8081.
25/02/18 18:54:20 INFO WorkerWebUI: Bound WorkerWebUI to 0.0.0.0, and started at http://192.168.2.108:8081
25/02/18 18:54:20 INFO Worker: Connecting to master digitalevers-VirtualBox:7077...
25/02/18 18:54:20 INFO TransportClientFactory: Successfully created connection to digitalevers-VirtualBox/192.168.2.108:7077 after 29 ms (0 ms spent in bootstraps)
25/02/18 18:54:20 INFO Worker: Successfully registered with master spark://digitalevers-VirtualBox:7077
25/02/18 18:56:15 ERROR Worker: RECEIVED SIGNAL TERM
