[2025-03-08T11:53:27.491+0800][gc,heap] Heap region size: 1M
[2025-03-08T11:53:27.506+0800][gc     ] Using G1
[2025-03-08T11:53:27.506+0800][gc,heap,coops] Heap address: 0x00000000c0000000, size: 1024 MB, Compressed Oops mode: 32-bit
[2025-03-08T11:53:27.507+0800][gc,cds       ] Mark closed archive regions in map: [0x00000000fff00000, 0x00000000fff6bff8]
[2025-03-08T11:53:27.507+0800][gc,cds       ] Mark open archive regions in map: [0x00000000ffe00000, 0x00000000ffe47ff8]
[2025-03-08T11:53:28.430+0800][gc,start     ] GC(0) Pause Young (Normal) (G1 Evacuation Pause)
[2025-03-08T11:53:28.432+0800][gc,task      ] GC(0) Using 5 workers of 5 for evacuation
[2025-03-08T11:53:28.438+0800][gc,phases    ] GC(0)   Pre Evacuate Collection Set: 0.0ms
[2025-03-08T11:53:28.438+0800][gc,phases    ] GC(0)   Evacuate Collection Set: 5.8ms
[2025-03-08T11:53:28.438+0800][gc,phases    ] GC(0)   Post Evacuate Collection Set: 0.3ms
[2025-03-08T11:53:28.438+0800][gc,phases    ] GC(0)   Other: 2.4ms
[2025-03-08T11:53:28.438+0800][gc,heap      ] GC(0) Eden regions: 51->0(44)
[2025-03-08T11:53:28.438+0800][gc,heap      ] GC(0) Survivor regions: 0->7(7)
[2025-03-08T11:53:28.438+0800][gc,heap      ] GC(0) Old regions: 2->2
[2025-03-08T11:53:28.438+0800][gc,heap      ] GC(0) Humongous regions: 0->0
[2025-03-08T11:53:28.438+0800][gc,metaspace ] GC(0) Metaspace: 16451K(17024K)->16451K(17024K) NonClass: 14258K(14592K)->14258K(14592K) Class: 2192K(2432K)->2192K(2432K)
[2025-03-08T11:53:28.438+0800][gc           ] GC(0) Pause Young (Normal) (G1 Evacuation Pause) 51M->7M(1024M) 8.514ms
[2025-03-08T11:53:28.438+0800][gc,cpu       ] GC(0) User=0.01s Sys=0.01s Real=0.00s
[2025-03-08T11:53:28.620+0800][gc,start     ] GC(1) Pause Young (Concurrent Start) (Metadata GC Threshold)
[2025-03-08T11:53:28.620+0800][gc,task      ] GC(1) Using 5 workers of 5 for evacuation
[2025-03-08T11:53:28.631+0800][gc,phases    ] GC(1)   Pre Evacuate Collection Set: 0.0ms
[2025-03-08T11:53:28.631+0800][gc,phases    ] GC(1)   Evacuate Collection Set: 10.2ms
[2025-03-08T11:53:28.631+0800][gc,phases    ] GC(1)   Post Evacuate Collection Set: 1.0ms
[2025-03-08T11:53:28.631+0800][gc,phases    ] GC(1)   Other: 0.2ms
[2025-03-08T11:53:28.631+0800][gc,heap      ] GC(1) Eden regions: 18->0(50)
[2025-03-08T11:53:28.631+0800][gc,heap      ] GC(1) Survivor regions: 7->1(7)
[2025-03-08T11:53:28.631+0800][gc,heap      ] GC(1) Old regions: 2->9
[2025-03-08T11:53:28.631+0800][gc,heap      ] GC(1) Humongous regions: 0->0
[2025-03-08T11:53:28.631+0800][gc,metaspace ] GC(1) Metaspace: 20630K(21248K)->20630K(21248K) NonClass: 17825K(18176K)->17825K(18176K) Class: 2805K(3072K)->2805K(3072K)
[2025-03-08T11:53:28.631+0800][gc           ] GC(1) Pause Young (Concurrent Start) (Metadata GC Threshold) 24M->7M(1024M) 11.446ms
[2025-03-08T11:53:28.631+0800][gc,cpu       ] GC(1) User=0.02s Sys=0.01s Real=0.01s
[2025-03-08T11:53:28.631+0800][gc           ] GC(2) Concurrent Cycle
[2025-03-08T11:53:28.631+0800][gc,marking   ] GC(2) Concurrent Clear Claimed Marks
[2025-03-08T11:53:28.631+0800][gc,marking   ] GC(2) Concurrent Clear Claimed Marks 0.022ms
[2025-03-08T11:53:28.631+0800][gc,marking   ] GC(2) Concurrent Scan Root Regions
[2025-03-08T11:53:28.635+0800][gc,marking   ] GC(2) Concurrent Scan Root Regions 3.950ms
[2025-03-08T11:53:28.635+0800][gc,marking   ] GC(2) Concurrent Mark (1.150s)
[2025-03-08T11:53:28.635+0800][gc,marking   ] GC(2) Concurrent Mark From Roots
[2025-03-08T11:53:28.635+0800][gc,task      ] GC(2) Using 1 workers of 1 for marking
[2025-03-08T11:53:28.876+0800][gc,marking   ] GC(2) Concurrent Mark From Roots 240.925ms
[2025-03-08T11:53:28.877+0800][gc,marking   ] GC(2) Concurrent Preclean
[2025-03-08T11:53:28.877+0800][gc,marking   ] GC(2) Concurrent Preclean 0.148ms
[2025-03-08T11:53:28.877+0800][gc,marking   ] GC(2) Concurrent Mark (1.150s, 1.391s) 241.468ms
[2025-03-08T11:53:28.885+0800][gc,start     ] GC(2) Pause Remark
[2025-03-08T11:53:28.899+0800][gc,stringtable] GC(2) Cleaned string and symbol table, strings: 5621 processed, 0 removed, symbols: 50691 processed, 53 removed
[2025-03-08T11:53:28.900+0800][gc            ] GC(2) Pause Remark 8M->8M(1024M) 14.965ms
[2025-03-08T11:53:28.900+0800][gc,cpu        ] GC(2) User=0.03s Sys=0.00s Real=0.02s
[2025-03-08T11:53:28.900+0800][gc,marking    ] GC(2) Concurrent Rebuild Remembered Sets
[2025-03-08T11:53:28.906+0800][gc,marking    ] GC(2) Concurrent Rebuild Remembered Sets 5.692ms
[2025-03-08T11:53:28.906+0800][gc,start      ] GC(2) Pause Cleanup
[2025-03-08T11:53:28.907+0800][gc            ] GC(2) Pause Cleanup 8M->8M(1024M) 0.584ms
[2025-03-08T11:53:28.907+0800][gc,cpu        ] GC(2) User=0.00s Sys=0.00s Real=0.00s
[2025-03-08T11:53:28.907+0800][gc,marking    ] GC(2) Concurrent Cleanup for Next Mark
[2025-03-08T11:53:28.950+0800][gc,marking    ] GC(2) Concurrent Cleanup for Next Mark 43.251ms
[2025-03-08T11:53:28.951+0800][gc            ] GC(2) Concurrent Cycle 319.369ms
[2025-03-08T11:53:29.873+0800][gc,start      ] GC(3) Pause Young (Normal) (G1 Evacuation Pause)
[2025-03-08T11:53:29.874+0800][gc,task       ] GC(3) Using 5 workers of 5 for evacuation
[2025-03-08T11:53:29.884+0800][gc,phases     ] GC(3)   Pre Evacuate Collection Set: 0.3ms
[2025-03-08T11:53:29.884+0800][gc,phases     ] GC(3)   Evacuate Collection Set: 8.5ms
[2025-03-08T11:53:29.884+0800][gc,phases     ] GC(3)   Post Evacuate Collection Set: 0.9ms
[2025-03-08T11:53:29.884+0800][gc,phases     ] GC(3)   Other: 0.5ms
[2025-03-08T11:53:29.884+0800][gc,heap       ] GC(3) Eden regions: 50->0(46)
[2025-03-08T11:53:29.884+0800][gc,heap       ] GC(3) Survivor regions: 1->5(7)
[2025-03-08T11:53:29.884+0800][gc,heap       ] GC(3) Old regions: 9->9
[2025-03-08T11:53:29.884+0800][gc,heap       ] GC(3) Humongous regions: 129->129
[2025-03-08T11:53:29.884+0800][gc,metaspace  ] GC(3) Metaspace: 30528K(31612K)->30528K(31612K) NonClass: 26782K(27388K)->26782K(27388K) Class: 3746K(4224K)->3746K(4224K)
[2025-03-08T11:53:29.884+0800][gc            ] GC(3) Pause Young (Normal) (G1 Evacuation Pause) 186M->140M(1024M) 10.253ms
[2025-03-08T11:53:29.884+0800][gc,cpu        ] GC(3) User=0.02s Sys=0.01s Real=0.01s
[2025-03-08T13:41:12.016+0800][gc,start      ] GC(4) Pause Young (Normal) (G1 Evacuation Pause)
[2025-03-08T13:41:12.016+0800][gc,task       ] GC(4) Using 5 workers of 5 for evacuation
[2025-03-08T13:41:12.032+0800][gc,phases     ] GC(4)   Pre Evacuate Collection Set: 0.3ms
[2025-03-08T13:41:12.032+0800][gc,phases     ] GC(4)   Evacuate Collection Set: 13.4ms
[2025-03-08T13:41:12.032+0800][gc,phases     ] GC(4)   Post Evacuate Collection Set: 1.8ms
[2025-03-08T13:41:12.032+0800][gc,phases     ] GC(4)   Other: 0.4ms
[2025-03-08T13:41:12.032+0800][gc,heap       ] GC(4) Eden regions: 46->0(50)
[2025-03-08T13:41:12.032+0800][gc,heap       ] GC(4) Survivor regions: 5->1(7)
[2025-03-08T13:41:12.032+0800][gc,heap       ] GC(4) Old regions: 9->14
[2025-03-08T13:41:12.032+0800][gc,heap       ] GC(4) Humongous regions: 129->129
[2025-03-08T13:41:12.032+0800][gc,metaspace  ] GC(4) Metaspace: 34169K(35452K)->34169K(35452K) NonClass: 30006K(30716K)->30006K(30716K) Class: 4163K(4736K)->4163K(4736K)
[2025-03-08T13:41:12.032+0800][gc            ] GC(4) Pause Young (Normal) (G1 Evacuation Pause) 186M->141M(1024M) 16.020ms
[2025-03-08T13:41:12.032+0800][gc,cpu        ] GC(4) User=0.03s Sys=0.01s Real=0.02s
