[2025-01-26T19:12:09.643+0800][gc,heap] Heap region size: 1M
[2025-01-26T19:12:09.660+0800][gc     ] Using G1
[2025-01-26T19:12:09.660+0800][gc,heap,coops] Heap address: 0x00000000c0000000, size: 1024 MB, Compressed Oops mode: 32-bit
[2025-01-26T19:12:09.660+0800][gc,cds       ] Mark closed archive regions in map: [0x00000000fff00000, 0x00000000fff6bff8]
[2025-01-26T19:12:09.660+0800][gc,cds       ] Mark open archive regions in map: [0x00000000ffe00000, 0x00000000ffe47ff8]
[2025-01-26T19:12:12.375+0800][gc,start     ] GC(0) Pause Young (Normal) (G1 Evacuation Pause)
[2025-01-26T19:12:12.376+0800][gc,task      ] GC(0) Using 2 workers of 2 for evacuation
[2025-01-26T19:12:12.483+0800][gc,mmu       ] GC(0) MMU target violated: 21.0ms (20.0ms/21.0ms)
[2025-01-26T19:12:12.483+0800][gc,phases    ] GC(0)   Pre Evacuate Collection Set: 0.8ms
[2025-01-26T19:12:12.483+0800][gc,phases    ] GC(0)   Evacuate Collection Set: 105.1ms
[2025-01-26T19:12:12.483+0800][gc,phases    ] GC(0)   Post Evacuate Collection Set: 0.8ms
[2025-01-26T19:12:12.483+0800][gc,phases    ] GC(0)   Other: 0.9ms
[2025-01-26T19:12:12.483+0800][gc,heap      ] GC(0) Eden regions: 51->0(44)
[2025-01-26T19:12:12.483+0800][gc,heap      ] GC(0) Survivor regions: 0->7(7)
[2025-01-26T19:12:12.483+0800][gc,heap      ] GC(0) Old regions: 2->2
[2025-01-26T19:12:12.483+0800][gc,heap      ] GC(0) Humongous regions: 0->0
[2025-01-26T19:12:12.483+0800][gc,metaspace ] GC(0) Metaspace: 16380K(17024K)->16380K(17024K) NonClass: 14193K(14592K)->14193K(14592K) Class: 2186K(2432K)->2186K(2432K)
[2025-01-26T19:12:12.483+0800][gc           ] GC(0) Pause Young (Normal) (G1 Evacuation Pause) 51M->7M(1024M) 107.752ms
[2025-01-26T19:12:12.483+0800][gc,cpu       ] GC(0) User=0.03s Sys=0.07s Real=0.11s
[2025-01-26T19:12:13.129+0800][gc,start     ] GC(1) Pause Young (Concurrent Start) (Metadata GC Threshold)
[2025-01-26T19:12:13.129+0800][gc,task      ] GC(1) Using 2 workers of 2 for evacuation
[2025-01-26T19:12:13.147+0800][gc,phases    ] GC(1)   Pre Evacuate Collection Set: 0.1ms
[2025-01-26T19:12:13.147+0800][gc,phases    ] GC(1)   Evacuate Collection Set: 17.0ms
[2025-01-26T19:12:13.147+0800][gc,phases    ] GC(1)   Post Evacuate Collection Set: 0.8ms
[2025-01-26T19:12:13.147+0800][gc,phases    ] GC(1)   Other: 0.4ms
[2025-01-26T19:12:13.147+0800][gc,heap      ] GC(1) Eden regions: 18->0(50)
[2025-01-26T19:12:13.147+0800][gc,heap      ] GC(1) Survivor regions: 7->1(7)
[2025-01-26T19:12:13.147+0800][gc,heap      ] GC(1) Old regions: 2->9
[2025-01-26T19:12:13.147+0800][gc,heap      ] GC(1) Humongous regions: 0->0
[2025-01-26T19:12:13.147+0800][gc,metaspace ] GC(1) Metaspace: 20631K(21248K)->20631K(21248K) NonClass: 17823K(18176K)->17823K(18176K) Class: 2807K(3072K)->2807K(3072K)
[2025-01-26T19:12:13.147+0800][gc           ] GC(1) Pause Young (Concurrent Start) (Metadata GC Threshold) 25M->7M(1024M) 18.333ms
[2025-01-26T19:12:13.147+0800][gc,cpu       ] GC(1) User=0.01s Sys=0.01s Real=0.02s
[2025-01-26T19:12:13.147+0800][gc           ] GC(2) Concurrent Cycle
[2025-01-26T19:12:13.147+0800][gc,marking   ] GC(2) Concurrent Clear Claimed Marks
[2025-01-26T19:12:13.147+0800][gc,marking   ] GC(2) Concurrent Clear Claimed Marks 0.069ms
[2025-01-26T19:12:13.147+0800][gc,marking   ] GC(2) Concurrent Scan Root Regions
[2025-01-26T19:12:13.148+0800][gc,marking   ] GC(2) Concurrent Scan Root Regions 0.746ms
[2025-01-26T19:12:13.148+0800][gc,marking   ] GC(2) Concurrent Mark (3.510s)
[2025-01-26T19:12:13.148+0800][gc,marking   ] GC(2) Concurrent Mark From Roots
[2025-01-26T19:12:13.148+0800][gc,task      ] GC(2) Using 1 workers of 1 for marking
[2025-01-26T19:12:13.168+0800][gc,marking   ] GC(2) Concurrent Mark From Roots 20.046ms
[2025-01-26T19:12:13.168+0800][gc,marking   ] GC(2) Concurrent Preclean
[2025-01-26T19:12:13.168+0800][gc,marking   ] GC(2) Concurrent Preclean 0.122ms
[2025-01-26T19:12:13.168+0800][gc,marking   ] GC(2) Concurrent Mark (3.510s, 3.531s) 20.225ms
[2025-01-26T19:12:13.170+0800][gc,start     ] GC(2) Pause Remark
[2025-01-26T19:12:13.174+0800][gc,stringtable] GC(2) Cleaned string and symbol table, strings: 5635 processed, 0 removed, symbols: 50731 processed, 53 removed
[2025-01-26T19:12:13.175+0800][gc            ] GC(2) Pause Remark 8M->8M(1024M) 4.518ms
[2025-01-26T19:12:13.175+0800][gc,cpu        ] GC(2) User=0.01s Sys=0.00s Real=0.01s
[2025-01-26T19:12:13.177+0800][gc,marking    ] GC(2) Concurrent Rebuild Remembered Sets
[2025-01-26T19:12:13.186+0800][gc,marking    ] GC(2) Concurrent Rebuild Remembered Sets 8.359ms
[2025-01-26T19:12:13.188+0800][gc,start      ] GC(2) Pause Cleanup
[2025-01-26T19:12:13.189+0800][gc            ] GC(2) Pause Cleanup 9M->9M(1024M) 0.395ms
[2025-01-26T19:12:13.189+0800][gc,cpu        ] GC(2) User=0.00s Sys=0.00s Real=0.00s
[2025-01-26T19:12:13.189+0800][gc,marking    ] GC(2) Concurrent Cleanup for Next Mark
[2025-01-26T19:12:13.360+0800][gc,marking    ] GC(2) Concurrent Cleanup for Next Mark 171.078ms
[2025-01-26T19:12:13.360+0800][gc            ] GC(2) Concurrent Cycle 213.320ms
[2025-01-26T19:12:15.142+0800][gc,start      ] GC(3) Pause Young (Normal) (G1 Evacuation Pause)
[2025-01-26T19:12:15.142+0800][gc,task       ] GC(3) Using 2 workers of 2 for evacuation
[2025-01-26T19:12:15.151+0800][gc,phases     ] GC(3)   Pre Evacuate Collection Set: 0.0ms
[2025-01-26T19:12:15.151+0800][gc,phases     ] GC(3)   Evacuate Collection Set: 8.4ms
[2025-01-26T19:12:15.151+0800][gc,phases     ] GC(3)   Post Evacuate Collection Set: 0.4ms
[2025-01-26T19:12:15.151+0800][gc,phases     ] GC(3)   Other: 0.4ms
[2025-01-26T19:12:15.151+0800][gc,heap       ] GC(3) Eden regions: 50->0(46)
[2025-01-26T19:12:15.151+0800][gc,heap       ] GC(3) Survivor regions: 1->5(7)
[2025-01-26T19:12:15.151+0800][gc,heap       ] GC(3) Old regions: 9->9
[2025-01-26T19:12:15.151+0800][gc,heap       ] GC(3) Humongous regions: 129->129
[2025-01-26T19:12:15.151+0800][gc,metaspace  ] GC(3) Metaspace: 30500K(31612K)->30500K(31612K) NonClass: 26727K(27388K)->26727K(27388K) Class: 3773K(4224K)->3773K(4224K)
[2025-01-26T19:12:15.151+0800][gc            ] GC(3) Pause Young (Normal) (G1 Evacuation Pause) 186M->140M(1024M) 9.053ms
[2025-01-26T19:12:15.151+0800][gc,cpu        ] GC(3) User=0.02s Sys=0.00s Real=0.00s
[2025-01-26T20:58:16.404+0800][gc,start      ] GC(4) Pause Young (Normal) (G1 Evacuation Pause)
[2025-01-26T20:58:16.416+0800][gc,task       ] GC(4) Using 2 workers of 2 for evacuation
[2025-01-26T20:58:17.238+0800][gc,mmu        ] GC(4) MMU target violated: 21.0ms (20.0ms/21.0ms)
[2025-01-26T20:58:17.238+0800][gc,phases     ] GC(4)   Pre Evacuate Collection Set: 99.2ms
[2025-01-26T20:58:17.238+0800][gc,phases     ] GC(4)   Evacuate Collection Set: 702.3ms
[2025-01-26T20:58:17.238+0800][gc,phases     ] GC(4)   Post Evacuate Collection Set: 7.0ms
[2025-01-26T20:58:17.238+0800][gc,phases     ] GC(4)   Other: 31.2ms
[2025-01-26T20:58:17.238+0800][gc,heap       ] GC(4) Eden regions: 46->0(50)
[2025-01-26T20:58:17.238+0800][gc,heap       ] GC(4) Survivor regions: 5->1(7)
[2025-01-26T20:58:17.238+0800][gc,heap       ] GC(4) Old regions: 9->14
[2025-01-26T20:58:17.238+0800][gc,heap       ] GC(4) Humongous regions: 129->129
[2025-01-26T20:58:17.238+0800][gc,metaspace  ] GC(4) Metaspace: 34132K(35452K)->34132K(35452K) NonClass: 29964K(30716K)->29964K(30716K) Class: 4168K(4736K)->4168K(4736K)
[2025-01-26T20:58:17.239+0800][gc            ] GC(4) Pause Young (Normal) (G1 Evacuation Pause) 186M->141M(1024M) 834.657ms
[2025-01-26T20:58:17.239+0800][gc,cpu        ] GC(4) User=0.01s Sys=0.26s Real=0.83s
[2025-01-27T11:41:03.238+0800][gc,start      ] GC(5) Pause Young (Normal) (G1 Evacuation Pause)
[2025-01-27T11:41:03.254+0800][gc,task       ] GC(5) Using 2 workers of 2 for evacuation
[2025-01-27T11:41:04.693+0800][gc,mmu        ] GC(5) MMU target violated: 21.0ms (20.0ms/21.0ms)
[2025-01-27T11:41:04.695+0800][gc,phases     ] GC(5)   Pre Evacuate Collection Set: 485.4ms
[2025-01-27T11:41:04.695+0800][gc,phases     ] GC(5)   Evacuate Collection Set: 829.2ms
[2025-01-27T11:41:04.695+0800][gc,phases     ] GC(5)   Post Evacuate Collection Set: 79.3ms
[2025-01-27T11:41:04.695+0800][gc,phases     ] GC(5)   Other: 72.5ms
[2025-01-27T11:41:04.703+0800][gc,heap       ] GC(5) Eden regions: 50->0(50)
[2025-01-27T11:41:04.703+0800][gc,heap       ] GC(5) Survivor regions: 1->1(7)
[2025-01-27T11:41:04.703+0800][gc,heap       ] GC(5) Old regions: 14->14
[2025-01-27T11:41:04.703+0800][gc,heap       ] GC(5) Humongous regions: 129->129
[2025-01-27T11:41:04.703+0800][gc,metaspace  ] GC(5) Metaspace: 34301K(35708K)->34301K(35708K) NonClass: 30133K(30972K)->30133K(30972K) Class: 4168K(4736K)->4168K(4736K)
[2025-01-27T11:41:04.704+0800][gc            ] GC(5) Pause Young (Normal) (G1 Evacuation Pause) 191M->141M(1024M) 1465.764ms
[2025-01-27T11:41:04.704+0800][gc,cpu        ] GC(5) User=0.03s Sys=0.21s Real=1.47s
[2025-01-27T12:03:22.405+0800][gc,start      ] GC(6) Pause Young (Concurrent Start) (Metadata GC Threshold)
[2025-01-27T12:03:22.408+0800][gc,task       ] GC(6) Using 2 workers of 2 for evacuation
[2025-01-27T12:03:22.723+0800][gc,mmu        ] GC(6) MMU target violated: 21.0ms (20.0ms/21.0ms)
[2025-01-27T12:03:22.724+0800][gc,phases     ] GC(6)   Pre Evacuate Collection Set: 39.9ms
[2025-01-27T12:03:22.724+0800][gc,phases     ] GC(6)   Evacuate Collection Set: 147.8ms
[2025-01-27T12:03:22.724+0800][gc,phases     ] GC(6)   Post Evacuate Collection Set: 3.7ms
[2025-01-27T12:03:22.724+0800][gc,phases     ] GC(6)   Other: 128.3ms
[2025-01-27T12:03:22.724+0800][gc,heap       ] GC(6) Eden regions: 11->0(50)
[2025-01-27T12:03:22.724+0800][gc,heap       ] GC(6) Survivor regions: 1->1(7)
[2025-01-27T12:03:22.724+0800][gc,heap       ] GC(6) Old regions: 14->14
[2025-01-27T12:03:22.724+0800][gc,heap       ] GC(6) Humongous regions: 129->129
[2025-01-27T12:03:22.724+0800][gc,metaspace  ] GC(6) Metaspace: 34803K(36048K)->34803K(36048K) NonClass: 30527K(31184K)->30527K(31184K) Class: 4275K(4864K)->4275K(4864K)
[2025-01-27T12:03:22.725+0800][gc            ] GC(6) Pause Young (Concurrent Start) (Metadata GC Threshold) 151M->141M(1024M) 319.415ms
[2025-01-27T12:03:22.725+0800][gc,cpu        ] GC(6) User=0.04s Sys=0.05s Real=0.32s
[2025-01-27T12:03:22.730+0800][gc            ] GC(7) Concurrent Cycle
[2025-01-27T12:03:22.730+0800][gc,marking    ] GC(7) Concurrent Clear Claimed Marks
[2025-01-27T12:03:22.733+0800][gc,marking    ] GC(7) Concurrent Clear Claimed Marks 2.895ms
[2025-01-27T12:03:22.733+0800][gc,marking    ] GC(7) Concurrent Scan Root Regions
[2025-01-27T12:03:22.808+0800][gc,marking    ] GC(7) Concurrent Scan Root Regions 74.446ms
[2025-01-27T12:03:22.808+0800][gc,marking    ] GC(7) Concurrent Mark (17057.914s)
[2025-01-27T12:03:22.808+0800][gc,marking    ] GC(7) Concurrent Mark From Roots
[2025-01-27T12:03:22.810+0800][gc,task       ] GC(7) Using 1 workers of 1 for marking
[2025-01-27T12:03:24.025+0800][gc,marking    ] GC(7) Concurrent Mark From Roots 1216.849ms
[2025-01-27T12:03:24.025+0800][gc,marking    ] GC(7) Concurrent Preclean
[2025-01-27T12:03:24.027+0800][gc,marking    ] GC(7) Concurrent Preclean 2.310ms
[2025-01-27T12:03:24.029+0800][gc,marking    ] GC(7) Concurrent Mark (17057.914s, 17059.135s) 1220.917ms
[2025-01-27T12:03:24.034+0800][gc,start      ] GC(7) Pause Remark
[2025-01-27T12:03:24.512+0800][gc,stringtable] GC(7) Cleaned string and symbol table, strings: 11691 processed, 305 removed, symbols: 81994 processed, 23 removed
[2025-01-27T12:03:24.514+0800][gc,mmu        ] GC(7) MMU target violated: 21.0ms (20.0ms/21.0ms)
[2025-01-27T12:03:24.514+0800][gc            ] GC(7) Pause Remark 147M->147M(1024M) 480.219ms
[2025-01-27T12:03:24.514+0800][gc,cpu        ] GC(7) User=0.01s Sys=0.13s Real=0.48s
[2025-01-27T12:03:24.514+0800][gc,marking    ] GC(7) Concurrent Rebuild Remembered Sets
[2025-01-27T12:03:24.532+0800][gc,marking    ] GC(7) Concurrent Rebuild Remembered Sets 17.816ms
[2025-01-27T12:03:24.533+0800][gc,start      ] GC(7) Pause Cleanup
[2025-01-27T12:03:24.534+0800][gc            ] GC(7) Pause Cleanup 147M->147M(1024M) 1.183ms
[2025-01-27T12:03:24.535+0800][gc,cpu        ] GC(7) User=0.00s Sys=0.00s Real=0.00s
[2025-01-27T12:03:24.536+0800][gc,marking    ] GC(7) Concurrent Cleanup for Next Mark
[2025-01-27T12:03:24.626+0800][gc,marking    ] GC(7) Concurrent Cleanup for Next Mark 90.836ms
[2025-01-27T12:03:24.626+0800][gc            ] GC(7) Concurrent Cycle 1896.944ms
[2025-01-27T12:07:39.152+0800][gc,start      ] GC(8) Pause Young (Concurrent Start) (G1 Evacuation Pause)
[2025-01-27T12:07:39.152+0800][gc,task       ] GC(8) Using 2 workers of 2 for evacuation
[2025-01-27T12:07:39.541+0800][gc,mmu        ] GC(8) MMU target violated: 21.0ms (20.0ms/21.0ms)
[2025-01-27T12:07:39.543+0800][gc,phases     ] GC(8)   Pre Evacuate Collection Set: 1.4ms
[2025-01-27T12:07:39.543+0800][gc,phases     ] GC(8)   Evacuate Collection Set: 374.5ms
[2025-01-27T12:07:39.543+0800][gc,phases     ] GC(8)   Post Evacuate Collection Set: 6.0ms
[2025-01-27T12:07:39.543+0800][gc,phases     ] GC(8)   Other: 10.3ms
[2025-01-27T12:07:39.543+0800][gc,heap       ] GC(8) Eden regions: 50->0(47)
[2025-01-27T12:07:39.543+0800][gc,heap       ] GC(8) Survivor regions: 1->4(7)
[2025-01-27T12:07:39.543+0800][gc,heap       ] GC(8) Old regions: 14->14
[2025-01-27T12:07:39.543+0800][gc,heap       ] GC(8) Humongous regions: 129->129
[2025-01-27T12:07:39.543+0800][gc,metaspace  ] GC(8) Metaspace: 39916K(41876K)->39916K(41876K) NonClass: 34858K(35836K)->34858K(35836K) Class: 5057K(6040K)->5057K(6040K)
[2025-01-27T12:07:39.543+0800][gc            ] GC(8) Pause Young (Concurrent Start) (G1 Evacuation Pause) 191M->144M(1024M) 390.396ms
[2025-01-27T12:07:39.543+0800][gc,cpu        ] GC(8) User=0.10s Sys=0.15s Real=0.39s
[2025-01-27T12:07:39.543+0800][gc            ] GC(9) Concurrent Cycle
[2025-01-27T12:07:39.543+0800][gc,marking    ] GC(9) Concurrent Clear Claimed Marks
[2025-01-27T12:07:39.543+0800][gc,marking    ] GC(9) Concurrent Clear Claimed Marks 0.278ms
[2025-01-27T12:07:39.544+0800][gc,marking    ] GC(9) Concurrent Scan Root Regions
[2025-01-27T12:07:39.552+0800][gc,marking    ] GC(9) Concurrent Scan Root Regions 8.760ms
[2025-01-27T12:07:39.552+0800][gc,marking    ] GC(9) Concurrent Mark (17314.658s)
[2025-01-27T12:07:39.552+0800][gc,marking    ] GC(9) Concurrent Mark From Roots
[2025-01-27T12:07:39.552+0800][gc,task       ] GC(9) Using 1 workers of 1 for marking
[2025-01-27T12:07:39.590+0800][gc,marking    ] GC(9) Concurrent Mark From Roots 37.409ms
[2025-01-27T12:07:39.590+0800][gc,marking    ] GC(9) Concurrent Preclean
[2025-01-27T12:07:39.590+0800][gc,marking    ] GC(9) Concurrent Preclean 0.125ms
[2025-01-27T12:07:39.590+0800][gc,marking    ] GC(9) Concurrent Mark (17314.658s, 17314.696s) 37.596ms
[2025-01-27T12:07:39.591+0800][gc,start      ] GC(9) Pause Remark
[2025-01-27T12:07:39.624+0800][gc,stringtable] GC(9) Cleaned string and symbol table, strings: 12777 processed, 3 removed, symbols: 85188 processed, 20 removed
[2025-01-27T12:07:39.624+0800][gc,mmu        ] GC(9) MMU target violated: 21.0ms (20.0ms/21.0ms)
[2025-01-27T12:07:39.624+0800][gc            ] GC(9) Pause Remark 145M->145M(1024M) 33.295ms
[2025-01-27T12:07:39.624+0800][gc,cpu        ] GC(9) User=0.06s Sys=0.00s Real=0.03s
[2025-01-27T12:07:39.624+0800][gc,marking    ] GC(9) Concurrent Rebuild Remembered Sets
[2025-01-27T12:07:39.645+0800][gc,marking    ] GC(9) Concurrent Rebuild Remembered Sets 20.920ms
[2025-01-27T12:07:39.646+0800][gc,start      ] GC(9) Pause Cleanup
[2025-01-27T12:07:39.647+0800][gc            ] GC(9) Pause Cleanup 145M->145M(1024M) 0.535ms
[2025-01-27T12:07:39.647+0800][gc,cpu        ] GC(9) User=0.00s Sys=0.00s Real=0.00s
[2025-01-27T12:07:39.647+0800][gc,marking    ] GC(9) Concurrent Cleanup for Next Mark
[2025-01-27T12:07:40.573+0800][gc,marking    ] GC(9) Concurrent Cleanup for Next Mark 926.386ms
[2025-01-27T12:07:40.573+0800][gc            ] GC(9) Concurrent Cycle 1030.365ms
[2025-01-27T12:11:23.824+0800][gc,start      ] GC(10) Pause Young (Normal) (G1 Evacuation Pause)
[2025-01-27T12:11:23.828+0800][gc,task       ] GC(10) Using 2 workers of 2 for evacuation
[2025-01-27T12:11:23.890+0800][gc,mmu        ] GC(10) MMU target violated: 21.0ms (20.0ms/21.0ms)
[2025-01-27T12:11:23.890+0800][gc,phases     ] GC(10)   Pre Evacuate Collection Set: 2.5ms
[2025-01-27T12:11:23.890+0800][gc,phases     ] GC(10)   Evacuate Collection Set: 52.9ms
[2025-01-27T12:11:23.890+0800][gc,phases     ] GC(10)   Post Evacuate Collection Set: 4.9ms
[2025-01-27T12:11:23.890+0800][gc,phases     ] GC(10)   Other: 6.2ms
[2025-01-27T12:11:23.890+0800][gc,heap       ] GC(10) Eden regions: 47->0(47)
[2025-01-27T12:11:23.890+0800][gc,heap       ] GC(10) Survivor regions: 4->4(7)
[2025-01-27T12:11:23.890+0800][gc,heap       ] GC(10) Old regions: 14->14
[2025-01-27T12:11:23.890+0800][gc,heap       ] GC(10) Humongous regions: 129->129
[2025-01-27T12:11:23.890+0800][gc,metaspace  ] GC(10) Metaspace: 40171K(42132K)->40171K(42132K) NonClass: 35098K(36092K)->35098K(36092K) Class: 5072K(6040K)->5072K(6040K)
[2025-01-27T12:11:23.890+0800][gc            ] GC(10) Pause Young (Normal) (G1 Evacuation Pause) 191M->145M(1024M) 65.985ms
[2025-01-27T12:11:23.890+0800][gc,cpu        ] GC(10) User=0.07s Sys=0.02s Real=0.07s
[2025-01-27T12:15:08.080+0800][gc,start      ] GC(11) Pause Young (Normal) (G1 Evacuation Pause)
[2025-01-27T12:15:08.080+0800][gc,task       ] GC(11) Using 2 workers of 2 for evacuation
[2025-01-27T12:15:08.185+0800][gc,mmu        ] GC(11) MMU target violated: 21.0ms (20.0ms/21.0ms)
[2025-01-27T12:15:08.185+0800][gc,phases     ] GC(11)   Pre Evacuate Collection Set: 0.5ms
[2025-01-27T12:15:08.185+0800][gc,phases     ] GC(11)   Evacuate Collection Set: 103.4ms
[2025-01-27T12:15:08.185+0800][gc,phases     ] GC(11)   Post Evacuate Collection Set: 0.8ms
[2025-01-27T12:15:08.185+0800][gc,phases     ] GC(11)   Other: 0.6ms
[2025-01-27T12:15:08.185+0800][gc,heap       ] GC(11) Eden regions: 47->0(45)
[2025-01-27T12:15:08.185+0800][gc,heap       ] GC(11) Survivor regions: 4->6(7)
[2025-01-27T12:15:08.185+0800][gc,heap       ] GC(11) Old regions: 14->16
[2025-01-27T12:15:08.185+0800][gc,heap       ] GC(11) Humongous regions: 129->129
[2025-01-27T12:15:08.185+0800][gc,metaspace  ] GC(11) Metaspace: 40243K(42388K)->40243K(42388K) NonClass: 35168K(36348K)->35168K(36348K) Class: 5074K(6040K)->5074K(6040K)
[2025-01-27T12:15:08.185+0800][gc            ] GC(11) Pause Young (Normal) (G1 Evacuation Pause) 192M->149M(1024M) 105.349ms
[2025-01-27T12:15:08.185+0800][gc,cpu        ] GC(11) User=0.10s Sys=0.00s Real=0.10s
[2025-01-27T12:18:48.820+0800][gc,start      ] GC(12) Pause Young (Normal) (G1 Evacuation Pause)
[2025-01-27T12:18:48.825+0800][gc,task       ] GC(12) Using 2 workers of 2 for evacuation
[2025-01-27T12:18:49.258+0800][gc,mmu        ] GC(12) MMU target violated: 21.0ms (20.0ms/21.0ms)
[2025-01-27T12:18:49.258+0800][gc,phases     ] GC(12)   Pre Evacuate Collection Set: 152.0ms
[2025-01-27T12:18:49.258+0800][gc,phases     ] GC(12)   Evacuate Collection Set: 272.7ms
[2025-01-27T12:18:49.258+0800][gc,phases     ] GC(12)   Post Evacuate Collection Set: 4.2ms
[2025-01-27T12:18:49.258+0800][gc,phases     ] GC(12)   Other: 9.7ms
[2025-01-27T12:18:49.258+0800][gc,heap       ] GC(12) Eden regions: 45->0(46)
[2025-01-27T12:18:49.258+0800][gc,heap       ] GC(12) Survivor regions: 6->5(7)
[2025-01-27T12:18:49.258+0800][gc,heap       ] GC(12) Old regions: 16->18
[2025-01-27T12:18:49.258+0800][gc,heap       ] GC(12) Humongous regions: 129->129
[2025-01-27T12:18:49.258+0800][gc,metaspace  ] GC(12) Metaspace: 40325K(42388K)->40325K(42388K) NonClass: 35242K(36348K)->35242K(36348K) Class: 5082K(6040K)->5082K(6040K)
[2025-01-27T12:18:49.258+0800][gc            ] GC(12) Pause Young (Normal) (G1 Evacuation Pause) 194M->149M(1024M) 437.876ms
[2025-01-27T12:18:49.258+0800][gc,cpu        ] GC(12) User=0.01s Sys=0.16s Real=0.43s
[2025-01-27T12:22:51.414+0800][gc,start      ] GC(13) Pause Young (Normal) (G1 Evacuation Pause)
[2025-01-27T12:22:51.415+0800][gc,task       ] GC(13) Using 2 workers of 2 for evacuation
[2025-01-27T12:22:51.513+0800][gc,mmu        ] GC(13) MMU target violated: 21.0ms (20.0ms/21.0ms)
[2025-01-27T12:22:51.513+0800][gc,phases     ] GC(13)   Pre Evacuate Collection Set: 1.0ms
[2025-01-27T12:22:51.513+0800][gc,phases     ] GC(13)   Evacuate Collection Set: 94.7ms
[2025-01-27T12:22:51.513+0800][gc,phases     ] GC(13)   Post Evacuate Collection Set: 2.1ms
[2025-01-27T12:22:51.513+0800][gc,phases     ] GC(13)   Other: 2.4ms
[2025-01-27T12:22:51.513+0800][gc,heap       ] GC(13) Eden regions: 46->0(48)
[2025-01-27T12:22:51.513+0800][gc,heap       ] GC(13) Survivor regions: 5->3(7)
[2025-01-27T12:22:51.513+0800][gc,heap       ] GC(13) Old regions: 18->19
[2025-01-27T12:22:51.513+0800][gc,heap       ] GC(13) Humongous regions: 129->129
[2025-01-27T12:22:51.513+0800][gc,metaspace  ] GC(13) Metaspace: 40358K(42388K)->40358K(42388K) NonClass: 35268K(36348K)->35268K(36348K) Class: 5090K(6040K)->5090K(6040K)
[2025-01-27T12:22:51.513+0800][gc            ] GC(13) Pause Young (Normal) (G1 Evacuation Pause) 195M->149M(1024M) 99.256ms
[2025-01-27T12:22:51.513+0800][gc,cpu        ] GC(13) User=0.03s Sys=0.03s Real=0.10s
[2025-01-27T12:27:11.126+0800][gc,start      ] GC(14) Pause Young (Normal) (G1 Evacuation Pause)
[2025-01-27T12:27:11.132+0800][gc,task       ] GC(14) Using 2 workers of 2 for evacuation
[2025-01-27T12:27:11.325+0800][gc,mmu        ] GC(14) MMU target violated: 21.0ms (20.0ms/21.0ms)
[2025-01-27T12:27:11.325+0800][gc,phases     ] GC(14)   Pre Evacuate Collection Set: 26.5ms
[2025-01-27T12:27:11.325+0800][gc,phases     ] GC(14)   Evacuate Collection Set: 164.3ms
[2025-01-27T12:27:11.325+0800][gc,phases     ] GC(14)   Post Evacuate Collection Set: 0.8ms
[2025-01-27T12:27:11.325+0800][gc,phases     ] GC(14)   Other: 8.2ms
[2025-01-27T12:27:11.325+0800][gc,heap       ] GC(14) Eden regions: 48->0(44)
[2025-01-27T12:27:11.325+0800][gc,heap       ] GC(14) Survivor regions: 3->7(7)
[2025-01-27T12:27:11.325+0800][gc,heap       ] GC(14) Old regions: 19->19
[2025-01-27T12:27:11.325+0800][gc,heap       ] GC(14) Humongous regions: 129->129
[2025-01-27T12:27:11.325+0800][gc,metaspace  ] GC(14) Metaspace: 40394K(42388K)->40394K(42388K) NonClass: 35303K(36348K)->35303K(36348K) Class: 5090K(6040K)->5090K(6040K)
[2025-01-27T12:27:11.326+0800][gc            ] GC(14) Pause Young (Normal) (G1 Evacuation Pause) 197M->153M(1024M) 199.629ms
[2025-01-27T12:27:11.326+0800][gc,cpu        ] GC(14) User=0.20s Sys=0.03s Real=0.20s
[2025-01-27T12:31:20.156+0800][gc,start      ] GC(15) Pause Young (Normal) (G1 Evacuation Pause)
[2025-01-27T12:31:20.177+0800][gc,task       ] GC(15) Using 2 workers of 2 for evacuation
[2025-01-27T12:31:21.552+0800][gc,mmu        ] GC(15) MMU target violated: 21.0ms (20.0ms/21.0ms)
[2025-01-27T12:31:21.571+0800][gc,phases     ] GC(15)   Pre Evacuate Collection Set: 535.0ms
[2025-01-27T12:31:21.571+0800][gc,phases     ] GC(15)   Evacuate Collection Set: 759.3ms
[2025-01-27T12:31:21.571+0800][gc,phases     ] GC(15)   Post Evacuate Collection Set: 62.4ms
[2025-01-27T12:31:21.573+0800][gc,phases     ] GC(15)   Other: 71.6ms
[2025-01-27T12:31:21.581+0800][gc,heap       ] GC(15) Eden regions: 44->0(48)
[2025-01-27T12:31:21.582+0800][gc,heap       ] GC(15) Survivor regions: 7->3(7)
[2025-01-27T12:31:21.582+0800][gc,heap       ] GC(15) Old regions: 19->21
[2025-01-27T12:31:21.582+0800][gc,heap       ] GC(15) Humongous regions: 129->129
[2025-01-27T12:31:21.591+0800][gc,metaspace  ] GC(15) Metaspace: 40406K(42388K)->40406K(42388K) NonClass: 35315K(36348K)->35315K(36348K) Class: 5090K(6040K)->5090K(6040K)
[2025-01-27T12:31:21.598+0800][gc            ] GC(15) Pause Young (Normal) (G1 Evacuation Pause) 197M->150M(1024M) 1442.855ms
[2025-01-27T12:31:21.599+0800][gc,cpu        ] GC(15) User=0.00s Sys=0.17s Real=1.45s
[2025-01-27T12:36:40.780+0800][gc,start      ] GC(16) Pause Young (Normal) (G1 Evacuation Pause)
[2025-01-27T12:36:40.784+0800][gc,task       ] GC(16) Using 2 workers of 2 for evacuation
[2025-01-27T12:36:41.547+0800][gc,mmu        ] GC(16) MMU target violated: 21.0ms (20.0ms/21.0ms)
[2025-01-27T12:36:41.547+0800][gc,phases     ] GC(16)   Pre Evacuate Collection Set: 141.0ms
[2025-01-27T12:36:41.547+0800][gc,phases     ] GC(16)   Evacuate Collection Set: 614.7ms
[2025-01-27T12:36:41.547+0800][gc,phases     ] GC(16)   Post Evacuate Collection Set: 4.0ms
[2025-01-27T12:36:41.548+0800][gc,phases     ] GC(16)   Other: 8.2ms
[2025-01-27T12:36:41.548+0800][gc,heap       ] GC(16) Eden regions: 48->0(44)
[2025-01-27T12:36:41.548+0800][gc,heap       ] GC(16) Survivor regions: 3->7(7)
[2025-01-27T12:36:41.548+0800][gc,heap       ] GC(16) Old regions: 21->21
[2025-01-27T12:36:41.548+0800][gc,heap       ] GC(16) Humongous regions: 129->129
[2025-01-27T12:36:41.548+0800][gc,metaspace  ] GC(16) Metaspace: 40419K(42388K)->40419K(42388K) NonClass: 35328K(36348K)->35328K(36348K) Class: 5091K(6040K)->5091K(6040K)
[2025-01-27T12:36:41.548+0800][gc            ] GC(16) Pause Young (Normal) (G1 Evacuation Pause) 198M->155M(1024M) 767.976ms
[2025-01-27T12:36:41.548+0800][gc,cpu        ] GC(16) User=0.03s Sys=0.22s Real=0.76s
[2025-01-27T12:40:49.329+0800][gc,start      ] GC(17) Pause Young (Normal) (G1 Evacuation Pause)
[2025-01-27T12:40:49.372+0800][gc,task       ] GC(17) Using 2 workers of 2 for evacuation
[2025-01-27T12:40:49.993+0800][gc,mmu        ] GC(17) MMU target violated: 21.0ms (20.0ms/21.0ms)
[2025-01-27T12:40:50.004+0800][gc,phases     ] GC(17)   Pre Evacuate Collection Set: 16.1ms
[2025-01-27T12:40:50.004+0800][gc,phases     ] GC(17)   Evacuate Collection Set: 423.4ms
[2025-01-27T12:40:50.004+0800][gc,phases     ] GC(17)   Post Evacuate Collection Set: 94.1ms
[2025-01-27T12:40:50.005+0800][gc,phases     ] GC(17)   Other: 206.0ms
[2025-01-27T12:40:50.005+0800][gc,heap       ] GC(17) Eden regions: 44->0(48)
[2025-01-27T12:40:50.005+0800][gc,heap       ] GC(17) Survivor regions: 7->3(7)
[2025-01-27T12:40:50.005+0800][gc,heap       ] GC(17) Old regions: 21->23
[2025-01-27T12:40:50.005+0800][gc,heap       ] GC(17) Humongous regions: 129->129
[2025-01-27T12:40:50.005+0800][gc,metaspace  ] GC(17) Metaspace: 40440K(42388K)->40440K(42388K) NonClass: 35348K(36348K)->35348K(36348K) Class: 5091K(6040K)->5091K(6040K)
[2025-01-27T12:40:50.011+0800][gc            ] GC(17) Pause Young (Normal) (G1 Evacuation Pause) 199M->152M(1024M) 692.133ms
[2025-01-27T12:40:50.011+0800][gc,cpu        ] GC(17) User=0.04s Sys=0.04s Real=0.72s
